// Jest Snapshot v1, https://goo.gl/fbAQLP

exports[`NavContainer snapshot should always match the snapshot 1`] = `
ShallowWrapper {
  "length": 1,
  Symbol(enzyme.__root__): [Circular],
  Symbol(enzyme.__unrendered__): <NavContainer
    store={
      Object {
        "clearActions": [Function],
        "dispatch": [Function],
        "getActions": [Function],
        "getState": [Function],
        "replaceReducer": [Function],
        "subscribe": [Function],
      }
    }
  />,
  Symbol(enzyme.__renderer__): Object {
    "batchedUpdates": [Function],
    "getNode": [Function],
    "render": [Function],
    "simulateEvent": [Function],
    "unmount": [Function],
  },
  Symbol(enzyme.__node__): Object {
    "instance": null,
    "key": null,
    "nodeType": "host",
    "props": Object {
      "children": Array [
        <div
          className="logo"
        >
          Get Yours
        </div>,
        <button
          className="show-menu-button"
          onClick={[Function]}
        >
          Show Menu
        </button>,
        <nav
          className="nav"
        >
          <ul
            className="link-container"
          >
            <li
              className="nav-links"
            >
              <Link
                replace={false}
                to="/"
              >
                Personal Recomendations
              </Link>
            </li>
            <li
              className="nav-links"
            >
              <Link
                replace={false}
                to="/Baby"
              >
                Baby
              </Link>
            </li>
            <li
              className="nav-links"
            >
              <Link
                replace={false}
                to="/Camping"
              >
                Camping
              </Link>
            </li>
          </ul>
        </nav>,
      ],
      "className": "main-aside ",
    },
    "ref": null,
    "rendered": Array [
      Object {
        "instance": null,
        "key": null,
        "nodeType": "host",
        "props": Object {
          "children": "Get Yours",
          "className": "logo",
        },
        "ref": null,
        "rendered": "Get Yours",
        "type": "div",
      },
      Object {
        "instance": null,
        "key": null,
        "nodeType": "host",
        "props": Object {
          "children": "Show Menu",
          "className": "show-menu-button",
          "onClick": [Function],
        },
        "ref": null,
        "rendered": "Show Menu",
        "type": "button",
      },
      Object {
        "instance": null,
        "key": null,
        "nodeType": "host",
        "props": Object {
          "children": <ul
            className="link-container"
          >
            <li
              className="nav-links"
            >
              <Link
                replace={false}
                to="/"
              >
                Personal Recomendations
              </Link>
            </li>
            <li
              className="nav-links"
            >
              <Link
                replace={false}
                to="/Baby"
              >
                Baby
              </Link>
            </li>
            <li
              className="nav-links"
            >
              <Link
                replace={false}
                to="/Camping"
              >
                Camping
              </Link>
            </li>
          </ul>,
          "className": "nav",
        },
        "ref": null,
        "rendered": Object {
          "instance": null,
          "key": null,
          "nodeType": "host",
          "props": Object {
            "children": Array [
              <li
                className="nav-links"
              >
                <Link
                  replace={false}
                  to="/"
                >
                  Personal Recomendations
                </Link>
              </li>,
              <li
                className="nav-links"
              >
                <Link
                  replace={false}
                  to="/Baby"
                >
                  Baby
                </Link>
              </li>,
              <li
                className="nav-links"
              >
                <Link
                  replace={false}
                  to="/Camping"
                >
                  Camping
                </Link>
              </li>,
            ],
            "className": "link-container",
          },
          "ref": null,
          "rendered": Array [
            Object {
              "instance": null,
              "key": null,
              "nodeType": "host",
              "props": Object {
                "children": <Link
                  replace={false}
                  to="/"
                >
                  Personal Recomendations
                </Link>,
                "className": "nav-links",
              },
              "ref": null,
              "rendered": Object {
                "instance": null,
                "key": null,
                "nodeType": "class",
                "props": Object {
                  "children": "Personal Recomendations",
                  "replace": false,
                  "to": "/",
                },
                "ref": null,
                "rendered": "Personal Recomendations",
                "type": [Function],
              },
              "type": "li",
            },
            Object {
              "instance": null,
              "key": null,
              "nodeType": "host",
              "props": Object {
                "children": <Link
                  replace={false}
                  to="/Baby"
                >
                  Baby
                </Link>,
                "className": "nav-links",
              },
              "ref": null,
              "rendered": Object {
                "instance": null,
                "key": null,
                "nodeType": "class",
                "props": Object {
                  "children": "Baby",
                  "replace": false,
                  "to": "/Baby",
                },
                "ref": null,
                "rendered": "Baby",
                "type": [Function],
              },
              "type": "li",
            },
            Object {
              "instance": null,
              "key": null,
              "nodeType": "host",
              "props": Object {
                "children": <Link
                  replace={false}
                  to="/Camping"
                >
                  Camping
                </Link>,
                "className": "nav-links",
              },
              "ref": null,
              "rendered": Object {
                "instance": null,
                "key": null,
                "nodeType": "class",
                "props": Object {
                  "children": "Camping",
                  "replace": false,
                  "to": "/Camping",
                },
                "ref": null,
                "rendered": "Camping",
                "type": [Function],
              },
              "type": "li",
            },
          ],
          "type": "ul",
        },
        "type": "nav",
      },
    ],
    "type": "aside",
  },
  Symbol(enzyme.__nodes__): Array [
    Object {
      "instance": null,
      "key": null,
      "nodeType": "host",
      "props": Object {
        "children": Array [
          <div
            className="logo"
          >
            Get Yours
          </div>,
          <button
            className="show-menu-button"
            onClick={[Function]}
          >
            Show Menu
          </button>,
          <nav
            className="nav"
          >
            <ul
              className="link-container"
            >
              <li
                className="nav-links"
              >
                <Link
                  replace={false}
                  to="/"
                >
                  Personal Recomendations
                </Link>
              </li>
              <li
                className="nav-links"
              >
                <Link
                  replace={false}
                  to="/Baby"
                >
                  Baby
                </Link>
              </li>
              <li
                className="nav-links"
              >
                <Link
                  replace={false}
                  to="/Camping"
                >
                  Camping
                </Link>
              </li>
            </ul>
          </nav>,
        ],
        "className": "main-aside ",
      },
      "ref": null,
      "rendered": Array [
        Object {
          "instance": null,
          "key": null,
          "nodeType": "host",
          "props": Object {
            "children": "Get Yours",
            "className": "logo",
          },
          "ref": null,
          "rendered": "Get Yours",
          "type": "div",
        },
        Object {
          "instance": null,
          "key": null,
          "nodeType": "host",
          "props": Object {
            "children": "Show Menu",
            "className": "show-menu-button",
            "onClick": [Function],
          },
          "ref": null,
          "rendered": "Show Menu",
          "type": "button",
        },
        Object {
          "instance": null,
          "key": null,
          "nodeType": "host",
          "props": Object {
            "children": <ul
              className="link-container"
            >
              <li
                className="nav-links"
              >
                <Link
                  replace={false}
                  to="/"
                >
                  Personal Recomendations
                </Link>
              </li>
              <li
                className="nav-links"
              >
                <Link
                  replace={false}
                  to="/Baby"
                >
                  Baby
                </Link>
              </li>
              <li
                className="nav-links"
              >
                <Link
                  replace={false}
                  to="/Camping"
                >
                  Camping
                </Link>
              </li>
            </ul>,
            "className": "nav",
          },
          "ref": null,
          "rendered": Object {
            "instance": null,
            "key": null,
            "nodeType": "host",
            "props": Object {
              "children": Array [
                <li
                  className="nav-links"
                >
                  <Link
                    replace={false}
                    to="/"
                  >
                    Personal Recomendations
                  </Link>
                </li>,
                <li
                  className="nav-links"
                >
                  <Link
                    replace={false}
                    to="/Baby"
                  >
                    Baby
                  </Link>
                </li>,
                <li
                  className="nav-links"
                >
                  <Link
                    replace={false}
                    to="/Camping"
                  >
                    Camping
                  </Link>
                </li>,
              ],
              "className": "link-container",
            },
            "ref": null,
            "rendered": Array [
              Object {
                "instance": null,
                "key": null,
                "nodeType": "host",
                "props": Object {
                  "children": <Link
                    replace={false}
                    to="/"
                  >
                    Personal Recomendations
                  </Link>,
                  "className": "nav-links",
                },
                "ref": null,
                "rendered": Object {
                  "instance": null,
                  "key": null,
                  "nodeType": "class",
                  "props": Object {
                    "children": "Personal Recomendations",
                    "replace": false,
                    "to": "/",
                  },
                  "ref": null,
                  "rendered": "Personal Recomendations",
                  "type": [Function],
                },
                "type": "li",
              },
              Object {
                "instance": null,
                "key": null,
                "nodeType": "host",
                "props": Object {
                  "children": <Link
                    replace={false}
                    to="/Baby"
                  >
                    Baby
                  </Link>,
                  "className": "nav-links",
                },
                "ref": null,
                "rendered": Object {
                  "instance": null,
                  "key": null,
                  "nodeType": "class",
                  "props": Object {
                    "children": "Baby",
                    "replace": false,
                    "to": "/Baby",
                  },
                  "ref": null,
                  "rendered": "Baby",
                  "type": [Function],
                },
                "type": "li",
              },
              Object {
                "instance": null,
                "key": null,
                "nodeType": "host",
                "props": Object {
                  "children": <Link
                    replace={false}
                    to="/Camping"
                  >
                    Camping
                  </Link>,
                  "className": "nav-links",
                },
                "ref": null,
                "rendered": Object {
                  "instance": null,
                  "key": null,
                  "nodeType": "class",
                  "props": Object {
                    "children": "Camping",
                    "replace": false,
                    "to": "/Camping",
                  },
                  "ref": null,
                  "rendered": "Camping",
                  "type": [Function],
                },
                "type": "li",
              },
            ],
            "type": "ul",
          },
          "type": "nav",
        },
      ],
      "type": "aside",
    },
  ],
  Symbol(enzyme.__options__): Object {
    "adapter": ReactSixteenAdapter {
      "options": Object {
        "enableComponentDidUpdateOnSetState": true,
      },
    },
  },
}
`;
