// Jest Snapshot v1, https://goo.gl/fbAQLP

exports[`Search snapshot should always match the snapshot 1`] = `
ShallowWrapper {
  "length": 1,
  Symbol(enzyme.__root__): [Circular],
  Symbol(enzyme.__unrendered__): <Search />,
  Symbol(enzyme.__renderer__): Object {
    "batchedUpdates": [Function],
    "getNode": [Function],
    "render": [Function],
    "simulateEvent": [Function],
    "unmount": [Function],
  },
  Symbol(enzyme.__node__): Object {
    "instance": null,
    "key": null,
    "nodeType": "host",
    "props": Object {
      "children": Array [
        <input
          className="header-input"
          onChange={undefined}
          placeholder="Search For Products Here"
          type="text"
          value={undefined}
        />,
        <button
          className="header-button"
          onClick={undefined}
        >
          Search Products
        </button>,
      ],
      "className": "header-div",
    },
    "ref": null,
    "rendered": Array [
      Object {
        "instance": null,
        "key": null,
        "nodeType": "host",
        "props": Object {
          "className": "header-input",
          "onChange": undefined,
          "placeholder": "Search For Products Here",
          "type": "text",
          "value": undefined,
        },
        "ref": null,
        "rendered": null,
        "type": "input",
      },
      Object {
        "instance": null,
        "key": null,
        "nodeType": "host",
        "props": Object {
          "children": "Search Products",
          "className": "header-button",
          "onClick": undefined,
        },
        "ref": null,
        "rendered": "Search Products",
        "type": "button",
      },
    ],
    "type": "header",
  },
  Symbol(enzyme.__nodes__): Array [
    Object {
      "instance": null,
      "key": null,
      "nodeType": "host",
      "props": Object {
        "children": Array [
          <input
            className="header-input"
            onChange={undefined}
            placeholder="Search For Products Here"
            type="text"
            value={undefined}
          />,
          <button
            className="header-button"
            onClick={undefined}
          >
            Search Products
          </button>,
        ],
        "className": "header-div",
      },
      "ref": null,
      "rendered": Array [
        Object {
          "instance": null,
          "key": null,
          "nodeType": "host",
          "props": Object {
            "className": "header-input",
            "onChange": undefined,
            "placeholder": "Search For Products Here",
            "type": "text",
            "value": undefined,
          },
          "ref": null,
          "rendered": null,
          "type": "input",
        },
        Object {
          "instance": null,
          "key": null,
          "nodeType": "host",
          "props": Object {
            "children": "Search Products",
            "className": "header-button",
            "onClick": undefined,
          },
          "ref": null,
          "rendered": "Search Products",
          "type": "button",
        },
      ],
      "type": "header",
    },
  ],
  Symbol(enzyme.__options__): Object {
    "adapter": ReactSixteenAdapter {
      "options": Object {
        "enableComponentDidUpdateOnSetState": true,
      },
    },
  },
}
`;
